###############################################################################
#                                                                             #
# IAR ELF Linker V6.70.1.5641/W32 for ARM               05/Dec/2013  15:33:09 #
# Copyright 2007-2013 IAR Systems AB.                                         #
#                                                                             #
#    Output file  =  F:\In¿\In¿ynierka\STM32F4-Discovery_FW_V1.1.0\Project\Pe #
#                    ripheral_Examples\IO_Toggle\EWARM\IO_Toggle\Exe\IO_Toggl #
#                    e.out                                                    #
#    Map file     =  F:\In¿\In¿ynierka\STM32F4-Discovery_FW_V1.1.0\Project\Pe #
#                    ripheral_Examples\IO_Toggle\EWARM\IO_Toggle\List\IO_Togg #
#                    le.map                                                   #
#    Command line =  F:\In¿\In¿ynierka\STM32F4-Discovery_FW_V1.1.0\Project\Pe #
#                    ripheral_Examples\IO_Toggle\EWARM\IO_Toggle\Obj\funkcje. #
#                    o F:\In¿\In¿ynierka\STM32F4-Discovery_FW_V1.1.0\Project\ #
#                    Peripheral_Examples\IO_Toggle\EWARM\IO_Toggle\Obj\lcd.o  #
#                    F:\In¿\In¿ynierka\STM32F4-Discovery_FW_V1.1.0\Project\Pe #
#                    ripheral_Examples\IO_Toggle\EWARM\IO_Toggle\Obj\main.o   #
#                    F:\In¿\In¿ynierka\STM32F4-Discovery_FW_V1.1.0\Project\Pe #
#                    ripheral_Examples\IO_Toggle\EWARM\IO_Toggle\Obj\misc.o   #
#                    F:\In¿\In¿ynierka\STM32F4-Discovery_FW_V1.1.0\Project\Pe #
#                    ripheral_Examples\IO_Toggle\EWARM\IO_Toggle\Obj\startup_ #
#                    stm32f4xx.o F:\In¿\In¿ynierka\STM32F4-Discovery_FW_V1.1. #
#                    0\Project\Peripheral_Examples\IO_Toggle\EWARM\IO_Toggle\ #
#                    Obj\stm32f4_discovery.o F:\In¿\In¿ynierka\STM32F4-Discov #
#                    ery_FW_V1.1.0\Project\Peripheral_Examples\IO_Toggle\EWAR #
#                    M\IO_Toggle\Obj\stm32f4xx_adc.o                          #
#                    F:\In¿\In¿ynierka\STM32F4-Discovery_FW_V1.1.0\Project\Pe #
#                    ripheral_Examples\IO_Toggle\EWARM\IO_Toggle\Obj\stm32f4x #
#                    x_dma.o F:\In¿\In¿ynierka\STM32F4-Discovery_FW_V1.1.0\Pr #
#                    oject\Peripheral_Examples\IO_Toggle\EWARM\IO_Toggle\Obj\ #
#                    stm32f4xx_gpio.o F:\In¿\In¿ynierka\STM32F4-Discovery_FW_ #
#                    V1.1.0\Project\Peripheral_Examples\IO_Toggle\EWARM\IO_To #
#                    ggle\Obj\stm32f4xx_it.o F:\In¿\In¿ynierka\STM32F4-Discov #
#                    ery_FW_V1.1.0\Project\Peripheral_Examples\IO_Toggle\EWAR #
#                    M\IO_Toggle\Obj\stm32f4xx_rcc.o                          #
#                    F:\In¿\In¿ynierka\STM32F4-Discovery_FW_V1.1.0\Project\Pe #
#                    ripheral_Examples\IO_Toggle\EWARM\IO_Toggle\Obj\stm32f4x #
#                    x_tim.o F:\In¿\In¿ynierka\STM32F4-Discovery_FW_V1.1.0\Pr #
#                    oject\Peripheral_Examples\IO_Toggle\EWARM\IO_Toggle\Obj\ #
#                    system_stm32f4xx.o --redirect _Printf=_PrintfSmall       #
#                    --redirect _Scanf=_ScanfSmall -o                         #
#                    F:\In¿\In¿ynierka\STM32F4-Discovery_FW_V1.1.0\Project\Pe #
#                    ripheral_Examples\IO_Toggle\EWARM\IO_Toggle\Exe\IO_Toggl #
#                    e.out --map F:\In¿\In¿ynierka\STM32F4-Discovery_FW_V1.1. #
#                    0\Project\Peripheral_Examples\IO_Toggle\EWARM\IO_Toggle\ #
#                    List\IO_Toggle.map --config                              #
#                    F:\In¿\In¿ynierka\STM32F4-Discovery_FW_V1.1.0\Project\Pe #
#                    ripheral_Examples\IO_Toggle\EWARM\stm32f4xx_flash.icf    #
#                    --semihosting --entry __iar_program_start --vfe          #
#                                                                             #
#                                                                             #
###############################################################################

*******************************************************************************
*** RUNTIME MODEL ATTRIBUTES
***

CppFlavor       = *
__SystemLibrary = DLib


*******************************************************************************
*** PLACEMENT SUMMARY
***

"A1":  place at 0x08000000 { ro section .intvec };
"P1":  place in [from 0x08000000 to 0x080fffff] { ro };
"P2":  place in [from 0x20000000 to 0x20020000] { rw, block CSTACK, block HEAP };

  Section            Kind        Address    Size  Object
  -------            ----        -------    ----  ------
"A1":                                      0x188
  .intvec            ro code  0x08000000   0x188  startup_stm32f4xx.o [1]
                            - 0x08000188   0x188

"P1":                                     0x419c
  .text              ro code  0x08000188  0x34f4  lcd.o [1]
  .text              ro code  0x0800367c    0x74  stm32f4xx_gpio.o [1]
  .text              ro code  0x080036f0   0x2e8  funkcje.o [1]
  .text              ro code  0x080039d8    0x44  stm32f4xx_rcc.o [1]
  .text              ro code  0x08003a1c    0x64  stm32f4_discovery.o [1]
  .text              ro code  0x08003a80   0x1b6  stm32f4xx_tim.o [1]
  .text              ro code  0x08003c36    0x2e  copy_init3.o [5]
  .text              ro code  0x08003c64    0x68  misc.o [1]
  .text              ro code  0x08003ccc    0x68  stm32f4xx_dma.o [1]
  .text              ro code  0x08003d34   0x124  stm32f4xx_adc.o [1]
  .text              ro code  0x08003e58   0x100  main.o [1]
  .text              ro code  0x08003f58    0xe0  system_stm32f4xx.o [1]
  .text              ro code  0x08004038    0x70  stm32f4xx_it.o [1]
  .text              ro code  0x080040a8    0x28  data_init.o [5]
  .text              ro code  0x080040d0    0x22  zero_init3.o [5]
  .iar.init_table    const    0x080040f4    0x24  - Linker created -
  .text              ro code  0x08004118    0x1a  fpinit_M.o [4]
  .text              ro code  0x08004134    0x1a  cmain.o [5]
  .text              ro code  0x0800414e     0x4  low_level_init.o [3]
  .text              ro code  0x08004152     0x4  exit.o [3]
  .text              ro code  0x08004158     0xa  cexit.o [5]
  .text              ro code  0x08004164    0x14  exit.o [6]
  .text              ro code  0x08004178    0x10  startup_stm32f4xx.o [1]
  .text              ro code  0x08004188     0xc  cstartup_M.o [5]
  .text              ro code  0x08004194     0x4  startup_stm32f4xx.o [1]
  .text              ro code  0x08004198     0x4  startup_stm32f4xx.o [1]
  .text              ro code  0x0800419c     0x4  startup_stm32f4xx.o [1]
  .text              ro code  0x080041a0     0x4  startup_stm32f4xx.o [1]
  .text              ro code  0x080041a4     0x4  startup_stm32f4xx.o [1]
  .text              ro code  0x080041a8     0x4  startup_stm32f4xx.o [1]
  .text              ro code  0x080041ac     0x4  startup_stm32f4xx.o [1]
  .text              ro code  0x080041b0     0x4  startup_stm32f4xx.o [1]
  .text              ro code  0x080041b4     0x4  startup_stm32f4xx.o [1]
  .text              ro code  0x080041b8     0x4  startup_stm32f4xx.o [1]
  .text              ro code  0x080041bc     0x4  startup_stm32f4xx.o [1]
  .text              ro code  0x080041c0     0x4  startup_stm32f4xx.o [1]
  .text              ro code  0x080041c4     0x4  startup_stm32f4xx.o [1]
  .text              ro code  0x080041c8     0x4  startup_stm32f4xx.o [1]
  .text              ro code  0x080041cc     0x4  startup_stm32f4xx.o [1]
  .text              ro code  0x080041d0     0x4  startup_stm32f4xx.o [1]
  .text              ro code  0x080041d4     0x4  startup_stm32f4xx.o [1]
  .text              ro code  0x080041d8     0x4  startup_stm32f4xx.o [1]
  .text              ro code  0x080041dc     0x4  startup_stm32f4xx.o [1]
  .text              ro code  0x080041e0     0x4  startup_stm32f4xx.o [1]
  .text              ro code  0x080041e4     0x4  startup_stm32f4xx.o [1]
  .text              ro code  0x080041e8     0x4  startup_stm32f4xx.o [1]
  .text              ro code  0x080041ec     0x4  startup_stm32f4xx.o [1]
  .text              ro code  0x080041f0     0x4  startup_stm32f4xx.o [1]
  .text              ro code  0x080041f4     0x4  startup_stm32f4xx.o [1]
  .text              ro code  0x080041f8     0x4  startup_stm32f4xx.o [1]
  .text              ro code  0x080041fc     0x4  startup_stm32f4xx.o [1]
  .text              ro code  0x08004200     0x4  startup_stm32f4xx.o [1]
  .text              ro code  0x08004204     0x4  startup_stm32f4xx.o [1]
  .text              ro code  0x08004208     0x4  startup_stm32f4xx.o [1]
  .text              ro code  0x0800420c     0x4  startup_stm32f4xx.o [1]
  .text              ro code  0x08004210     0x4  startup_stm32f4xx.o [1]
  .text              ro code  0x08004214     0x4  startup_stm32f4xx.o [1]
  .text              ro code  0x08004218     0x4  startup_stm32f4xx.o [1]
  .text              ro code  0x0800421c     0x4  startup_stm32f4xx.o [1]
  .text              ro code  0x08004220     0x4  startup_stm32f4xx.o [1]
  .text              ro code  0x08004224     0x4  startup_stm32f4xx.o [1]
  .text              ro code  0x08004228     0x4  startup_stm32f4xx.o [1]
  .text              ro code  0x0800422c     0x4  startup_stm32f4xx.o [1]
  .text              ro code  0x08004230     0x4  startup_stm32f4xx.o [1]
  .text              ro code  0x08004234     0x4  startup_stm32f4xx.o [1]
  .text              ro code  0x08004238     0x4  startup_stm32f4xx.o [1]
  .text              ro code  0x0800423c     0x4  startup_stm32f4xx.o [1]
  .text              ro code  0x08004240     0x4  startup_stm32f4xx.o [1]
  .text              ro code  0x08004244     0x4  startup_stm32f4xx.o [1]
  .text              ro code  0x08004248     0x4  startup_stm32f4xx.o [1]
  .text              ro code  0x0800424c     0x4  startup_stm32f4xx.o [1]
  .text              ro code  0x08004250     0x4  startup_stm32f4xx.o [1]
  .text              ro code  0x08004254     0x4  startup_stm32f4xx.o [1]
  .text              ro code  0x08004258     0x4  startup_stm32f4xx.o [1]
  .text              ro code  0x0800425c     0x4  startup_stm32f4xx.o [1]
  .text              ro code  0x08004260     0x4  startup_stm32f4xx.o [1]
  .text              ro code  0x08004264     0x4  startup_stm32f4xx.o [1]
  .text              ro code  0x08004268     0x4  startup_stm32f4xx.o [1]
  .text              ro code  0x0800426c     0x4  startup_stm32f4xx.o [1]
  .text              ro code  0x08004270     0x4  startup_stm32f4xx.o [1]
  .text              ro code  0x08004274     0x4  startup_stm32f4xx.o [1]
  .text              ro code  0x08004278     0x4  startup_stm32f4xx.o [1]
  .text              ro code  0x0800427c     0x4  startup_stm32f4xx.o [1]
  .text              ro code  0x08004280     0x4  startup_stm32f4xx.o [1]
  .text              ro code  0x08004284     0x4  startup_stm32f4xx.o [1]
  .text              ro code  0x08004288     0x4  startup_stm32f4xx.o [1]
  .text              ro code  0x0800428c     0x4  startup_stm32f4xx.o [1]
  .text              ro code  0x08004290     0x4  startup_stm32f4xx.o [1]
  .text              ro code  0x08004294     0x4  startup_stm32f4xx.o [1]
  .text              ro code  0x08004298     0x4  startup_stm32f4xx.o [1]
  .text              ro code  0x0800429c     0x4  startup_stm32f4xx.o [1]
  .text              ro code  0x080042a0     0x4  startup_stm32f4xx.o [1]
  .text              ro code  0x080042a4     0x4  startup_stm32f4xx.o [1]
  .text              ro code  0x080042a8     0x4  startup_stm32f4xx.o [1]
  .text              ro code  0x080042ac     0x4  startup_stm32f4xx.o [1]
  .text              ro code  0x080042b0     0x4  startup_stm32f4xx.o [1]
  .text              ro code  0x080042b4     0x4  startup_stm32f4xx.o [1]
  .text              ro code  0x080042b8     0x4  startup_stm32f4xx.o [1]
  .text              ro code  0x080042bc     0x4  startup_stm32f4xx.o [1]
  .text              ro code  0x080042c0     0x4  startup_stm32f4xx.o [1]
  .text              ro code  0x080042c4     0x4  startup_stm32f4xx.o [1]
  .text              ro code  0x080042c8     0x4  startup_stm32f4xx.o [1]
  .text              ro code  0x080042cc     0x4  startup_stm32f4xx.o [1]
  .text              ro code  0x080042d0     0x4  startup_stm32f4xx.o [1]
  .text              ro code  0x080042d4     0x4  startup_stm32f4xx.o [1]
  .text              ro code  0x080042d8     0x4  startup_stm32f4xx.o [1]
  .text              ro code  0x080042dc     0x4  startup_stm32f4xx.o [1]
  .text              ro code  0x080042e0     0x4  startup_stm32f4xx.o [1]
  .text              ro code  0x080042e4     0x4  startup_stm32f4xx.o [1]
  .text              ro code  0x080042e8     0x4  startup_stm32f4xx.o [1]
  .text              ro code  0x080042ec     0x4  startup_stm32f4xx.o [1]
  .text              ro code  0x080042f0     0x4  startup_stm32f4xx.o [1]
  .text              ro code  0x080042f4     0x4  startup_stm32f4xx.o [1]
  .text              ro code  0x080042f8     0x4  startup_stm32f4xx.o [1]
  .text              ro code  0x080042fc     0x4  startup_stm32f4xx.o [1]
  .rodata            const    0x08004300     0x0  zero_init3.o [5]
  .rodata            const    0x08004300     0x0  copy_init3.o [5]
  Initializer bytes  ro data  0x08004300    0x24  <for P2 s0>
                            - 0x08004324  0x419c

"P2", part 1 of 3:                          0x24
  P2 s0                       0x20000000    0x24  <Init block>
    .data            inited   0x20000000    0x14  system_stm32f4xx.o [1]
    .data            inited   0x20000014    0x10  stm32f4_discovery.o [1]
                            - 0x20000024    0x24

"P2", part 2 of 3:                           0xc
  .bss               zero     0x20000024     0x8  main.o [1]
                            - 0x2000002c     0x8

"P2", part 3 of 3:                         0x400
  CSTACK                      0x20000030   0x400  <Block>
    CSTACK           uninit   0x20000030   0x400  <Block tail>
                            - 0x20000430   0x400


*******************************************************************************
*** INIT TABLE
***

          Address     Size
          -------     ----
Zero (__iar_zero_init3)
    1 destination range, total size 0x8:
          0x20000024   0x8

Copy (__iar_copy_init3)
    1 source range, total size 0x24:
          0x08004300  0x24
    1 destination range, total size 0x24:
          0x20000000  0x24



*******************************************************************************
*** MODULE SUMMARY
***

    Module               ro code  ro data  rw data
    ------               -------  -------  -------
F:\In¿\In¿ynierka\STM32F4-Discovery_FW_V1.1.0\Project\Peripheral_Examples\IO_Toggle\EWARM\IO_Toggle\Obj: [1]
    funkcje.o                744
    lcd.o                 13 556
    main.o                   256                 8
    misc.o                   104
    startup_stm32f4xx.o      772
    stm32f4_discovery.o      100       16       16
    stm32f4xx_adc.o          292
    stm32f4xx_dma.o          104
    stm32f4xx_gpio.o         116
    stm32f4xx_it.o           112
    stm32f4xx_rcc.o           68
    stm32f4xx_tim.o          438
    system_stm32f4xx.o       224       20       20
    ----------------------------------------------
    Total:                16 886       36       44

command line: [2]
    ----------------------------------------------
    Total:

dl7M_tln.a: [3]
    exit.o                     4
    low_level_init.o           4
    ----------------------------------------------
    Total:                     8

m7M_tlv.a: [4]
    fpinit_M.o                26
    ----------------------------------------------
    Total:                    26

rt7M_tl.a: [5]
    cexit.o                   10
    cmain.o                   26
    copy_init3.o              46
    cstartup_M.o              12
    data_init.o               40
    zero_init3.o              34
    ----------------------------------------------
    Total:                   168

shb_l.a: [6]
    exit.o                    20
    ----------------------------------------------
    Total:                    20

    Gaps                       6        2
    Linker created                     36    1 024
--------------------------------------------------
    Grand Total:          17 114       74    1 068


*******************************************************************************
*** ENTRY LIST
***

Entry                      Address    Size  Type      Object
-----                      -------    ----  ----      ------
?main                   0x08004135          Code  Gb  cmain.o [5]
ADC3ConvertedValue      0x20000024     0x2  Data  Gb  main.o [1]
ADC3ConvertedVoltage    0x20000028     0x4  Data  Gb  main.o [1]
ADC_Cmd                 0x08003d91    0x12  Code  Gb  stm32f4xx_adc.o [1]
ADC_CommonInit          0x08003d75    0x1c  Code  Gb  stm32f4xx_adc.o [1]
ADC_DMACmd              0x08003e25    0x12  Code  Gb  stm32f4xx_adc.o [1]
ADC_DMARequestAfterLastTransferCmd
                        0x08003e37    0x12  Code  Gb  stm32f4xx_adc.o [1]
ADC_Init                0x08003d35    0x40  Code  Gb  stm32f4xx_adc.o [1]
ADC_RegularChannelConfig
                        0x08003da3    0x78  Code  Gb  stm32f4xx_adc.o [1]
ADC_SoftwareStartConv   0x08003e1b     0xa  Code  Gb  stm32f4xx_adc.o [1]
AHBPrescTable           0x20000000    0x10  Data  Gb  system_stm32f4xx.o [1]
BusFault_Handler        0x0800403f     0x2  Code  Gb  stm32f4xx_it.o [1]
CSTACK$$Base            0x20000030           --   Gb  - Linker created -
CSTACK$$Limit           0x20000430           --   Gb  - Linker created -
DMA_Cmd                 0x08003d1d    0x12  Code  Gb  stm32f4xx_dma.o [1]
DMA_Init                0x08003ccd    0x50  Code  Gb  stm32f4xx_dma.o [1]
DebugMon_Handler        0x08004045     0x2  Code  Gb  stm32f4xx_it.o [1]
Delay                   0x080036f1    0x10  Code  Gb  funkcje.o [1]
GPIO_CLK                0x08003a70    0x10  Data  Gb  stm32f4_discovery.o [1]
GPIO_Init               0x0800367d    0x70  Code  Gb  stm32f4xx_gpio.o [1]
GPIO_PIN                0x08003a68     0x8  Data  Gb  stm32f4_discovery.o [1]
GPIO_PORT               0x20000014    0x10  Data  Gb  stm32f4_discovery.o [1]
GPIO_Write              0x080036ed     0x4  Code  Gb  stm32f4xx_gpio.o [1]
HI                      0x08000189     0x6  Code  Gb  lcd.o [1]
HardFault_Handler       0x0800403b     0x2  Code  Gb  stm32f4xx_it.o [1]
Init_ADC                0x0800394b    0x60  Code  Gb  funkcje.o [1]
Init_DMA                0x080038ef    0x5c  Code  Gb  funkcje.o [1]
Init_GPIO               0x08003721    0x5a  Code  Gb  funkcje.o [1]
Init_RCC                0x08003701    0x20  Code  Gb  funkcje.o [1]
Init_TIM                0x08003845    0x8a  Code  Gb  funkcje.o [1]
LOW                     0x0800018f     0x6  Code  Gb  lcd.o [1]
MemManage_Handler       0x0800403d     0x2  Code  Gb  stm32f4xx_it.o [1]
NMI_Handler             0x08004039     0x2  Code  Gb  stm32f4xx_it.o [1]
NVIC_Config             0x080038cf    0x20  Code  Gb  funkcje.o [1]
NVIC_Init               0x08003c65    0x58  Code  Gb  misc.o [1]
PendSV_Handler          0x08004047     0x2  Code  Gb  stm32f4xx_it.o [1]
RCC_AHB1PeriphClockCmd  0x080039d9    0x12  Code  Gb  stm32f4xx_rcc.o [1]
RCC_APB1PeriphClockCmd  0x080039eb    0x12  Code  Gb  stm32f4xx_rcc.o [1]
RCC_APB2PeriphClockCmd  0x080039fd    0x12  Code  Gb  stm32f4xx_rcc.o [1]
Region$$Table$$Base     0x080040f4           --   Gb  - Linker created -
Region$$Table$$Limit    0x08004118           --   Gb  - Linker created -
STM_EVAL_LEDInit        0x08003a1d    0x3c  Code  Gb  stm32f4_discovery.o [1]
SVC_Handler             0x08004043     0x2  Code  Gb  stm32f4xx_it.o [1]
SysTick_Handler         0x08004049     0x2  Code  Gb  stm32f4xx_it.o [1]
SystemCoreClock         0x20000010     0x4  Data  Gb  system_stm32f4xx.o [1]
SystemInit              0x08003f59    0xc4  Code  Gb  system_stm32f4xx.o [1]
TIM3_IRQHandler         0x0800404b    0x52  Code  Gb  stm32f4xx_it.o [1]
TIM_ClearITPendingBit   0x08003c2f     0x2  Code  Gb  stm32f4xx_tim.o [1]
TIM_Cmd                 0x08003ae9    0x14  Code  Gb  stm32f4xx_tim.o [1]
TIM_GetITStatus         0x08003c1b    0x14  Code  Gb  stm32f4xx_tim.o [1]
TIM_ITConfig            0x08003c0b    0x10  Code  Gb  stm32f4xx_tim.o [1]
TIM_OC1Init             0x08003afd    0x64  Code  Gb  stm32f4xx_tim.o [1]
TIM_OC1PreloadConfig    0x08003bed     0x6  Code  Gb  stm32f4xx_tim.o [1]
TIM_OC2Init             0x08003b61    0x6e  Code  Gb  stm32f4xx_tim.o [1]
TIM_OC2PreloadConfig    0x08003bfb     0x6  Code  Gb  stm32f4xx_tim.o [1]
TIM_PrescalerConfig     0x08003ae3     0x6  Code  Gb  stm32f4xx_tim.o [1]
TIM_TimeBaseInit        0x08003a81    0x62  Code  Gb  stm32f4xx_tim.o [1]
UsageFault_Handler      0x08004041     0x2  Code  Gb  stm32f4xx_it.o [1]
__cmain                 0x08004135          Code  Gb  cmain.o [5]
__exit                  0x08004165    0x14  Code  Gb  exit.o [6]
__iar_copy_init3        0x08003c37    0x2e  Code  Gb  copy_init3.o [5]
__iar_data_init3        0x080040a9    0x28  Code  Gb  data_init.o [5]
__iar_init_vfp          0x08004119          Code  Gb  fpinit_M.o [4]
__iar_program_start     0x08004189          Code  Gb  cstartup_M.o [5]
__iar_zero_init3        0x080040d1    0x22  Code  Gb  zero_init3.o [5]
__low_level_init        0x0800414f     0x4  Code  Gb  low_level_init.o [3]
__vector_table          0x08000000          Data  Gb  startup_stm32f4xx.o [1]
_call_main              0x08004141          Code  Gb  cmain.o [5]
_exit                   0x08004159          Code  Gb  cexit.o [5]
_main                   0x0800414b          Code  Gb  cmain.o [5]
cog_wr0                 0x08000195    0x1c  Code  Gb  lcd.o [1]
cog_wr1                 0x080001b1    0x36  Code  Gb  lcd.o [1]
cog_wr4                 0x080001fb    0x6c  Code  Gb  lcd.o [1]
cog_write               0x08000277    0x5c  Code  Gb  lcd.o [1]
cog_write_letter        0x080002dd    0x74  Code  Gb  lcd.o [1]
cog_write_number        0x08000351    0x68  Code  Gb  lcd.o [1]
cog_write_string        0x0800042b    0x42  Code  Gb  lcd.o [1]
dl                      0x0800046d    0x10  Code  Gb  lcd.o [1]
exit                    0x08004153     0x4  Code  Gb  exit.o [3]
init_cog                0x080037eb    0x5a  Code  Gb  funkcje.o [1]
init_lcd                0x080037af    0x3c  Code  Gb  funkcje.o [1]
litery                  0x0800047c  0x3200  Data  Gb  lcd.o [1]
main                    0x08003e59    0xc0  Code  Gb  main.o [1]
wait_ms                 0x08003799    0x16  Code  Gb  funkcje.o [1]


[1] = F:\In¿\In¿ynierka\STM32F4-Discovery_FW_V1.1.0\Project\Peripheral_Examples\IO_Toggle\EWARM\IO_Toggle\Obj
[2] = command line
[3] = dl7M_tln.a
[4] = m7M_tlv.a
[5] = rt7M_tl.a
[6] = shb_l.a

  17 114 bytes of readonly  code memory
      74 bytes of readonly  data memory
   1 068 bytes of readwrite data memory

Errors: none
Warnings: none
