###############################################################################
#                                                                             #
# IAR ELF Linker V6.70.1.5641/W32 for ARM               06/Dec/2013  15:51:19 #
# Copyright 2007-2013 IAR Systems AB.                                         #
#                                                                             #
#    Output file  =  F:\In¿\In¿ynierka\STM32F4-Discovery_FW_V1.1.0\Project\Pe #
#                    ripheral_Examples\IO_Toggle\EWARM\IO_Toggle\Exe\IO_Toggl #
#                    e.out                                                    #
#    Map file     =  F:\In¿\In¿ynierka\STM32F4-Discovery_FW_V1.1.0\Project\Pe #
#                    ripheral_Examples\IO_Toggle\EWARM\IO_Toggle\List\IO_Togg #
#                    le.map                                                   #
#    Command line =  F:\In¿\In¿ynierka\STM32F4-Discovery_FW_V1.1.0\Project\Pe #
#                    ripheral_Examples\IO_Toggle\EWARM\IO_Toggle\Obj\funkcje. #
#                    o F:\In¿\In¿ynierka\STM32F4-Discovery_FW_V1.1.0\Project\ #
#                    Peripheral_Examples\IO_Toggle\EWARM\IO_Toggle\Obj\lcd.o  #
#                    F:\In¿\In¿ynierka\STM32F4-Discovery_FW_V1.1.0\Project\Pe #
#                    ripheral_Examples\IO_Toggle\EWARM\IO_Toggle\Obj\main.o   #
#                    F:\In¿\In¿ynierka\STM32F4-Discovery_FW_V1.1.0\Project\Pe #
#                    ripheral_Examples\IO_Toggle\EWARM\IO_Toggle\Obj\misc.o   #
#                    F:\In¿\In¿ynierka\STM32F4-Discovery_FW_V1.1.0\Project\Pe #
#                    ripheral_Examples\IO_Toggle\EWARM\IO_Toggle\Obj\startup_ #
#                    stm32f4xx.o F:\In¿\In¿ynierka\STM32F4-Discovery_FW_V1.1. #
#                    0\Project\Peripheral_Examples\IO_Toggle\EWARM\IO_Toggle\ #
#                    Obj\stm32f4_discovery.o F:\In¿\In¿ynierka\STM32F4-Discov #
#                    ery_FW_V1.1.0\Project\Peripheral_Examples\IO_Toggle\EWAR #
#                    M\IO_Toggle\Obj\stm32f4xx_adc.o                          #
#                    F:\In¿\In¿ynierka\STM32F4-Discovery_FW_V1.1.0\Project\Pe #
#                    ripheral_Examples\IO_Toggle\EWARM\IO_Toggle\Obj\stm32f4x #
#                    x_dma.o F:\In¿\In¿ynierka\STM32F4-Discovery_FW_V1.1.0\Pr #
#                    oject\Peripheral_Examples\IO_Toggle\EWARM\IO_Toggle\Obj\ #
#                    stm32f4xx_gpio.o F:\In¿\In¿ynierka\STM32F4-Discovery_FW_ #
#                    V1.1.0\Project\Peripheral_Examples\IO_Toggle\EWARM\IO_To #
#                    ggle\Obj\stm32f4xx_it.o F:\In¿\In¿ynierka\STM32F4-Discov #
#                    ery_FW_V1.1.0\Project\Peripheral_Examples\IO_Toggle\EWAR #
#                    M\IO_Toggle\Obj\stm32f4xx_rcc.o                          #
#                    F:\In¿\In¿ynierka\STM32F4-Discovery_FW_V1.1.0\Project\Pe #
#                    ripheral_Examples\IO_Toggle\EWARM\IO_Toggle\Obj\stm32f4x #
#                    x_tim.o F:\In¿\In¿ynierka\STM32F4-Discovery_FW_V1.1.0\Pr #
#                    oject\Peripheral_Examples\IO_Toggle\EWARM\IO_Toggle\Obj\ #
#                    system_stm32f4xx.o --redirect _Printf=_PrintfSmall       #
#                    --redirect _Scanf=_ScanfSmall -o                         #
#                    F:\In¿\In¿ynierka\STM32F4-Discovery_FW_V1.1.0\Project\Pe #
#                    ripheral_Examples\IO_Toggle\EWARM\IO_Toggle\Exe\IO_Toggl #
#                    e.out --map F:\In¿\In¿ynierka\STM32F4-Discovery_FW_V1.1. #
#                    0\Project\Peripheral_Examples\IO_Toggle\EWARM\IO_Toggle\ #
#                    List\IO_Toggle.map --config                              #
#                    F:\In¿\In¿ynierka\STM32F4-Discovery_FW_V1.1.0\Project\Pe #
#                    ripheral_Examples\IO_Toggle\EWARM\stm32f4xx_flash.icf    #
#                    --semihosting --entry __iar_program_start --vfe          #
#                                                                             #
#                                                                             #
###############################################################################

*******************************************************************************
*** RUNTIME MODEL ATTRIBUTES
***

CppFlavor       = *
__SystemLibrary = DLib


*******************************************************************************
*** PLACEMENT SUMMARY
***

"A1":  place at 0x08000000 { ro section .intvec };
"P1":  place in [from 0x08000000 to 0x080fffff] { ro };
"P2":  place in [from 0x20000000 to 0x20020000] { rw, block CSTACK, block HEAP };

  Section            Kind        Address    Size  Object
  -------            ----        -------    ----  ------
"A1":                                      0x188
  .intvec            ro code  0x08000000   0x188  startup_stm32f4xx.o [1]
                            - 0x08000188   0x188

"P1":                                     0x4108
  .text              ro code  0x08000188  0x34f4  lcd.o [1]
  .text              ro code  0x0800367c    0x74  stm32f4xx_gpio.o [1]
  .text              ro code  0x080036f0   0x2e8  funkcje.o [1]
  .text              ro code  0x080039d8    0x44  stm32f4xx_rcc.o [1]
  .text              ro code  0x08003a1c   0x1b6  stm32f4xx_tim.o [1]
  .text              ro code  0x08003bd2    0x2e  copy_init3.o [5]
  .text              ro code  0x08003c00    0x68  misc.o [1]
  .text              ro code  0x08003c68    0x68  stm32f4xx_dma.o [1]
  .text              ro code  0x08003cd0   0x124  stm32f4xx_adc.o [1]
  .text              ro code  0x08003df4    0xf0  main.o [1]
  .text              ro code  0x08003ee4    0xe0  system_stm32f4xx.o [1]
  .text              ro code  0x08003fc4    0x8c  stm32f4xx_it.o [1]
  .text              ro code  0x08004050    0x28  data_init.o [5]
  .iar.init_table    const    0x08004078    0x14  - Linker created -
  .text              ro code  0x0800408c    0x1a  fpinit_M.o [4]
  .text              ro code  0x080040a8    0x1a  cmain.o [5]
  .text              ro code  0x080040c2     0x4  low_level_init.o [3]
  .text              ro code  0x080040c6     0x4  exit.o [3]
  .text              ro code  0x080040cc     0xa  cexit.o [5]
  .text              ro code  0x080040d8    0x14  exit.o [6]
  .text              ro code  0x080040ec    0x10  startup_stm32f4xx.o [1]
  .text              ro code  0x080040fc     0xc  cstartup_M.o [5]
  .text              ro code  0x08004108     0x4  startup_stm32f4xx.o [1]
  .text              ro code  0x0800410c     0x4  startup_stm32f4xx.o [1]
  .text              ro code  0x08004110     0x4  startup_stm32f4xx.o [1]
  .text              ro code  0x08004114     0x4  startup_stm32f4xx.o [1]
  .text              ro code  0x08004118     0x4  startup_stm32f4xx.o [1]
  .text              ro code  0x0800411c     0x4  startup_stm32f4xx.o [1]
  .text              ro code  0x08004120     0x4  startup_stm32f4xx.o [1]
  .text              ro code  0x08004124     0x4  startup_stm32f4xx.o [1]
  .text              ro code  0x08004128     0x4  startup_stm32f4xx.o [1]
  .text              ro code  0x0800412c     0x4  startup_stm32f4xx.o [1]
  .text              ro code  0x08004130     0x4  startup_stm32f4xx.o [1]
  .text              ro code  0x08004134     0x4  startup_stm32f4xx.o [1]
  .text              ro code  0x08004138     0x4  startup_stm32f4xx.o [1]
  .text              ro code  0x0800413c     0x4  startup_stm32f4xx.o [1]
  .text              ro code  0x08004140     0x4  startup_stm32f4xx.o [1]
  .text              ro code  0x08004144     0x4  startup_stm32f4xx.o [1]
  .text              ro code  0x08004148     0x4  startup_stm32f4xx.o [1]
  .text              ro code  0x0800414c     0x4  startup_stm32f4xx.o [1]
  .text              ro code  0x08004150     0x4  startup_stm32f4xx.o [1]
  .text              ro code  0x08004154     0x4  startup_stm32f4xx.o [1]
  .text              ro code  0x08004158     0x4  startup_stm32f4xx.o [1]
  .text              ro code  0x0800415c     0x4  startup_stm32f4xx.o [1]
  .text              ro code  0x08004160     0x4  startup_stm32f4xx.o [1]
  .text              ro code  0x08004164     0x4  startup_stm32f4xx.o [1]
  .text              ro code  0x08004168     0x4  startup_stm32f4xx.o [1]
  .text              ro code  0x0800416c     0x4  startup_stm32f4xx.o [1]
  .text              ro code  0x08004170     0x4  startup_stm32f4xx.o [1]
  .text              ro code  0x08004174     0x4  startup_stm32f4xx.o [1]
  .text              ro code  0x08004178     0x4  startup_stm32f4xx.o [1]
  .text              ro code  0x0800417c     0x4  startup_stm32f4xx.o [1]
  .text              ro code  0x08004180     0x4  startup_stm32f4xx.o [1]
  .text              ro code  0x08004184     0x4  startup_stm32f4xx.o [1]
  .text              ro code  0x08004188     0x4  startup_stm32f4xx.o [1]
  .text              ro code  0x0800418c     0x4  startup_stm32f4xx.o [1]
  .text              ro code  0x08004190     0x4  startup_stm32f4xx.o [1]
  .text              ro code  0x08004194     0x4  startup_stm32f4xx.o [1]
  .text              ro code  0x08004198     0x4  startup_stm32f4xx.o [1]
  .text              ro code  0x0800419c     0x4  startup_stm32f4xx.o [1]
  .text              ro code  0x080041a0     0x4  startup_stm32f4xx.o [1]
  .text              ro code  0x080041a4     0x4  startup_stm32f4xx.o [1]
  .text              ro code  0x080041a8     0x4  startup_stm32f4xx.o [1]
  .text              ro code  0x080041ac     0x4  startup_stm32f4xx.o [1]
  .text              ro code  0x080041b0     0x4  startup_stm32f4xx.o [1]
  .text              ro code  0x080041b4     0x4  startup_stm32f4xx.o [1]
  .text              ro code  0x080041b8     0x4  startup_stm32f4xx.o [1]
  .text              ro code  0x080041bc     0x4  startup_stm32f4xx.o [1]
  .text              ro code  0x080041c0     0x4  startup_stm32f4xx.o [1]
  .text              ro code  0x080041c4     0x4  startup_stm32f4xx.o [1]
  .text              ro code  0x080041c8     0x4  startup_stm32f4xx.o [1]
  .text              ro code  0x080041cc     0x4  startup_stm32f4xx.o [1]
  .text              ro code  0x080041d0     0x4  startup_stm32f4xx.o [1]
  .text              ro code  0x080041d4     0x4  startup_stm32f4xx.o [1]
  .text              ro code  0x080041d8     0x4  startup_stm32f4xx.o [1]
  .text              ro code  0x080041dc     0x4  startup_stm32f4xx.o [1]
  .text              ro code  0x080041e0     0x4  startup_stm32f4xx.o [1]
  .text              ro code  0x080041e4     0x4  startup_stm32f4xx.o [1]
  .text              ro code  0x080041e8     0x4  startup_stm32f4xx.o [1]
  .text              ro code  0x080041ec     0x4  startup_stm32f4xx.o [1]
  .text              ro code  0x080041f0     0x4  startup_stm32f4xx.o [1]
  .text              ro code  0x080041f4     0x4  startup_stm32f4xx.o [1]
  .text              ro code  0x080041f8     0x4  startup_stm32f4xx.o [1]
  .text              ro code  0x080041fc     0x4  startup_stm32f4xx.o [1]
  .text              ro code  0x08004200     0x4  startup_stm32f4xx.o [1]
  .text              ro code  0x08004204     0x4  startup_stm32f4xx.o [1]
  .text              ro code  0x08004208     0x4  startup_stm32f4xx.o [1]
  .text              ro code  0x0800420c     0x4  startup_stm32f4xx.o [1]
  .text              ro code  0x08004210     0x4  startup_stm32f4xx.o [1]
  .text              ro code  0x08004214     0x4  startup_stm32f4xx.o [1]
  .text              ro code  0x08004218     0x4  startup_stm32f4xx.o [1]
  .text              ro code  0x0800421c     0x4  startup_stm32f4xx.o [1]
  .text              ro code  0x08004220     0x4  startup_stm32f4xx.o [1]
  .text              ro code  0x08004224     0x4  startup_stm32f4xx.o [1]
  .text              ro code  0x08004228     0x4  startup_stm32f4xx.o [1]
  .text              ro code  0x0800422c     0x4  startup_stm32f4xx.o [1]
  .text              ro code  0x08004230     0x4  startup_stm32f4xx.o [1]
  .text              ro code  0x08004234     0x4  startup_stm32f4xx.o [1]
  .text              ro code  0x08004238     0x4  startup_stm32f4xx.o [1]
  .text              ro code  0x0800423c     0x4  startup_stm32f4xx.o [1]
  .text              ro code  0x08004240     0x4  startup_stm32f4xx.o [1]
  .text              ro code  0x08004244     0x4  startup_stm32f4xx.o [1]
  .text              ro code  0x08004248     0x4  startup_stm32f4xx.o [1]
  .text              ro code  0x0800424c     0x4  startup_stm32f4xx.o [1]
  .text              ro code  0x08004250     0x4  startup_stm32f4xx.o [1]
  .text              ro code  0x08004254     0x4  startup_stm32f4xx.o [1]
  .text              ro code  0x08004258     0x4  startup_stm32f4xx.o [1]
  .text              ro code  0x0800425c     0x4  startup_stm32f4xx.o [1]
  .text              ro code  0x08004260     0x4  startup_stm32f4xx.o [1]
  .text              ro code  0x08004264     0x4  startup_stm32f4xx.o [1]
  .text              ro code  0x08004268     0x4  startup_stm32f4xx.o [1]
  .text              ro code  0x0800426c     0x4  startup_stm32f4xx.o [1]
  .text              ro code  0x08004270     0x4  startup_stm32f4xx.o [1]
  .rodata            const    0x08004274     0x0  copy_init3.o [5]
  Initializer bytes  ro data  0x08004274    0x1c  <for P2 s0>
                            - 0x08004290  0x4108

"P2", part 1 of 2:                          0x20
  P2 s0                       0x20000000    0x1c  <Init block>
    .data            inited   0x20000000    0x14  system_stm32f4xx.o [1]
    .bss             inited   0x20000014     0x4  main.o [1]
    .bss             inited   0x20000018     0x2  main.o [1]
                            - 0x2000001c    0x1c

"P2", part 2 of 2:                         0x400
  CSTACK                      0x20000020   0x400  <Block>
    CSTACK           uninit   0x20000020   0x400  <Block tail>
                            - 0x20000420   0x400


*******************************************************************************
*** INIT TABLE
***

          Address     Size
          -------     ----
Copy (__iar_copy_init3)
    1 source range, total size 0x1c (107% of destination):
          0x08004274  0x1c
    1 destination range, total size 0x1a:
          0x20000000  0x1a



*******************************************************************************
*** MODULE SUMMARY
***

    Module               ro code  ro data  rw data
    ------               -------  -------  -------
F:\In¿\In¿ynierka\STM32F4-Discovery_FW_V1.1.0\Project\Peripheral_Examples\IO_Toggle\EWARM\IO_Toggle\Obj: [1]
    funkcje.o                744
    lcd.o                 13 556
    main.o                   240        6        6
    misc.o                   104
    startup_stm32f4xx.o      772
    stm32f4xx_adc.o          292
    stm32f4xx_dma.o          104
    stm32f4xx_gpio.o         116
    stm32f4xx_it.o           140
    stm32f4xx_rcc.o           68
    stm32f4xx_tim.o          438
    system_stm32f4xx.o       224       20       20
    ----------------------------------------------
    Total:                16 798       26       26

command line: [2]
    ----------------------------------------------
    Total:

dl7M_tln.a: [3]
    exit.o                     4
    low_level_init.o           4
    ----------------------------------------------
    Total:                     8

m7M_tlv.a: [4]
    fpinit_M.o                26
    ----------------------------------------------
    Total:                    26

rt7M_tl.a: [5]
    cexit.o                   10
    cmain.o                   26
    copy_init3.o              46
    cstartup_M.o              12
    data_init.o               40
    ----------------------------------------------
    Total:                   134

shb_l.a: [6]
    exit.o                    20
    ----------------------------------------------
    Total:                    20

    Gaps                       6
    Linker created                     22    1 024
--------------------------------------------------
    Grand Total:          16 992       48    1 050


*******************************************************************************
*** ENTRY LIST
***

Entry                      Address    Size  Type      Object
-----                      -------    ----  ----      ------
?main                   0x080040a9          Code  Gb  cmain.o [5]
ADC3ConvertedValue      0x20000018     0x2  Data  Gb  main.o [1]
ADC3ConvertedVoltage    0x20000014     0x4  Data  Gb  main.o [1]
ADC_Cmd                 0x08003d2d    0x12  Code  Gb  stm32f4xx_adc.o [1]
ADC_CommonInit          0x08003d11    0x1c  Code  Gb  stm32f4xx_adc.o [1]
ADC_DMACmd              0x08003dc1    0x12  Code  Gb  stm32f4xx_adc.o [1]
ADC_DMARequestAfterLastTransferCmd
                        0x08003dd3    0x12  Code  Gb  stm32f4xx_adc.o [1]
ADC_Init                0x08003cd1    0x40  Code  Gb  stm32f4xx_adc.o [1]
ADC_RegularChannelConfig
                        0x08003d3f    0x78  Code  Gb  stm32f4xx_adc.o [1]
ADC_SoftwareStartConv   0x08003db7     0xa  Code  Gb  stm32f4xx_adc.o [1]
AHBPrescTable           0x20000000    0x10  Data  Gb  system_stm32f4xx.o [1]
BusFault_Handler        0x08003fcb     0x2  Code  Gb  stm32f4xx_it.o [1]
CSTACK$$Base            0x20000020           --   Gb  - Linker created -
CSTACK$$Limit           0x20000420           --   Gb  - Linker created -
DMA_Cmd                 0x08003cb9    0x12  Code  Gb  stm32f4xx_dma.o [1]
DMA_Init                0x08003c69    0x50  Code  Gb  stm32f4xx_dma.o [1]
DebugMon_Handler        0x08003fd1     0x2  Code  Gb  stm32f4xx_it.o [1]
Delay                   0x080036f1    0x10  Code  Gb  funkcje.o [1]
GPIO_Init               0x0800367d    0x70  Code  Gb  stm32f4xx_gpio.o [1]
GPIO_Write              0x080036ed     0x4  Code  Gb  stm32f4xx_gpio.o [1]
HI                      0x08000189     0x6  Code  Gb  lcd.o [1]
HardFault_Handler       0x08003fc7     0x2  Code  Gb  stm32f4xx_it.o [1]
Init_ADC                0x08003955    0x58  Code  Gb  funkcje.o [1]
Init_DMA                0x080038f9    0x5c  Code  Gb  funkcje.o [1]
Init_GPIO               0x08003721    0x54  Code  Gb  funkcje.o [1]
Init_RCC                0x08003701    0x20  Code  Gb  funkcje.o [1]
Init_TIM                0x0800383f    0x9a  Code  Gb  funkcje.o [1]
LOW                     0x0800018f     0x6  Code  Gb  lcd.o [1]
MemManage_Handler       0x08003fc9     0x2  Code  Gb  stm32f4xx_it.o [1]
NMI_Handler             0x08003fc5     0x2  Code  Gb  stm32f4xx_it.o [1]
NVIC_Config             0x080038d9    0x20  Code  Gb  funkcje.o [1]
NVIC_Init               0x08003c01    0x58  Code  Gb  misc.o [1]
PendSV_Handler          0x08003fd3     0x2  Code  Gb  stm32f4xx_it.o [1]
RCC_AHB1PeriphClockCmd  0x080039d9    0x12  Code  Gb  stm32f4xx_rcc.o [1]
RCC_APB1PeriphClockCmd  0x080039eb    0x12  Code  Gb  stm32f4xx_rcc.o [1]
RCC_APB2PeriphClockCmd  0x080039fd    0x12  Code  Gb  stm32f4xx_rcc.o [1]
Region$$Table$$Base     0x08004078           --   Gb  - Linker created -
Region$$Table$$Limit    0x0800408c           --   Gb  - Linker created -
SVC_Handler             0x08003fcf     0x2  Code  Gb  stm32f4xx_it.o [1]
SysTick_Handler         0x08003fd5     0x2  Code  Gb  stm32f4xx_it.o [1]
SystemCoreClock         0x20000010     0x4  Data  Gb  system_stm32f4xx.o [1]
SystemInit              0x08003ee5    0xc4  Code  Gb  system_stm32f4xx.o [1]
TIM3_IRQHandler         0x08003fd7    0x66  Code  Gb  stm32f4xx_it.o [1]
TIM_ClearITPendingBit   0x08003bcb     0x2  Code  Gb  stm32f4xx_tim.o [1]
TIM_Cmd                 0x08003a85    0x14  Code  Gb  stm32f4xx_tim.o [1]
TIM_GetITStatus         0x08003bb7    0x14  Code  Gb  stm32f4xx_tim.o [1]
TIM_ITConfig            0x08003ba7    0x10  Code  Gb  stm32f4xx_tim.o [1]
TIM_OC1Init             0x08003a99    0x64  Code  Gb  stm32f4xx_tim.o [1]
TIM_OC1PreloadConfig    0x08003b89     0x6  Code  Gb  stm32f4xx_tim.o [1]
TIM_OC2Init             0x08003afd    0x6e  Code  Gb  stm32f4xx_tim.o [1]
TIM_OC2PreloadConfig    0x08003b97     0x6  Code  Gb  stm32f4xx_tim.o [1]
TIM_PrescalerConfig     0x08003a7f     0x6  Code  Gb  stm32f4xx_tim.o [1]
TIM_TimeBaseInit        0x08003a1d    0x62  Code  Gb  stm32f4xx_tim.o [1]
UsageFault_Handler      0x08003fcd     0x2  Code  Gb  stm32f4xx_it.o [1]
__cmain                 0x080040a9          Code  Gb  cmain.o [5]
__exit                  0x080040d9    0x14  Code  Gb  exit.o [6]
__iar_copy_init3        0x08003bd3    0x2e  Code  Gb  copy_init3.o [5]
__iar_data_init3        0x08004051    0x28  Code  Gb  data_init.o [5]
__iar_init_vfp          0x0800408d          Code  Gb  fpinit_M.o [4]
__iar_program_start     0x080040fd          Code  Gb  cstartup_M.o [5]
__low_level_init        0x080040c3     0x4  Code  Gb  low_level_init.o [3]
__vector_table          0x08000000          Data  Gb  startup_stm32f4xx.o [1]
_call_main              0x080040b5          Code  Gb  cmain.o [5]
_exit                   0x080040cd          Code  Gb  cexit.o [5]
_main                   0x080040bf          Code  Gb  cmain.o [5]
cog_wr0                 0x08000195    0x1c  Code  Gb  lcd.o [1]
cog_wr1                 0x080001b1    0x36  Code  Gb  lcd.o [1]
cog_wr4                 0x080001fb    0x6c  Code  Gb  lcd.o [1]
cog_write               0x08000277    0x5c  Code  Gb  lcd.o [1]
cog_write_letter        0x080002dd    0x74  Code  Gb  lcd.o [1]
cog_write_number        0x08000351    0x68  Code  Gb  lcd.o [1]
cog_write_string        0x0800042b    0x42  Code  Gb  lcd.o [1]
dl                      0x0800046d    0x10  Code  Gb  lcd.o [1]
exit                    0x080040c7     0x4  Code  Gb  exit.o [3]
init_cog                0x080037e5    0x5a  Code  Gb  funkcje.o [1]
init_lcd                0x080037a9    0x3c  Code  Gb  funkcje.o [1]
litery                  0x0800047c  0x3200  Data  Gb  lcd.o [1]
main                    0x08003df5    0xae  Code  Gb  main.o [1]
wait_ms                 0x08003793    0x16  Code  Gb  funkcje.o [1]


[1] = F:\In¿\In¿ynierka\STM32F4-Discovery_FW_V1.1.0\Project\Peripheral_Examples\IO_Toggle\EWARM\IO_Toggle\Obj
[2] = command line
[3] = dl7M_tln.a
[4] = m7M_tlv.a
[5] = rt7M_tl.a
[6] = shb_l.a

  16 992 bytes of readonly  code memory
      48 bytes of readonly  data memory
   1 050 bytes of readwrite data memory

Errors: none
Warnings: none
